
> build
> vite build

[36mvite v7.3.3 [32mbuilding client environment for production...[36m[39m
transforming...
[32mΓ£ô[39m 1931 modules transformed.
rendering chunks...
computing gzip size...
[2mdist/client/[22m[32m.assetsignore                         [39m[1m[2m  0.02 kB[22m[1m[22m
[2mdist/client/[22m[32massets/logo-tbs-Thzoy44i.png          [39m[1m[2m 27.96 kB[22m[1m[22m
[2mdist/client/[22m[32massets/logo-vithopia-B5Ou90kY.jpeg    [39m[1m[2m 40.57 kB[22m[1m[22m
[2mdist/client/[22m[32massets/logo-expertkaro-C4QtEN7U.jpg   [39m[1m[2m 42.90 kB[22m[1m[22m
[2mdist/client/[22m[32massets/logo-zeber-Cpentt8r.png        [39m[1m[2m 66.77 kB[22m[1m[22m
[2mdist/client/[22m[32massets/logo-accessway-Bc0sU8Vl.png    [39m[1m[2m 98.20 kB[22m[1m[22m
[2mdist/client/[22m[32massets/logo-codespirit-G5s6RQi4.png   [39m[1m[2m113.35 kB[22m[1m[22m
[2mdist/client/[22m[32massets/logo-microkahani-_kSwb2xS.png  [39m[1m[2m244.53 kB[22m[1m[22m
[2mdist/client/[22m[32massets/shivam-Cvl_uAfG.png            [39m[1m[2m870.73 kB[22m[1m[22m
[2mdist/client/[22m[35massets/styles-WMUy5lJc.css            [39m[1m[2m 92.50 kB[22m[1m[22m[2m Γöé gzip:  15.31 kB[22m
[2mdist/client/[22m[36massets/arrow-left--pS_3sKa.js         [39m[1m[2m  0.17 kB[22m[1m[22m[2m Γöé gzip:   0.16 kB[22m
[2mdist/client/[22m[36massets/arrow-up-right-DPYOMGbx.js     [39m[1m[2m  0.17 kB[22m[1m[22m[2m Γöé gzip:   0.16 kB[22m
[2mdist/client/[22m[36massets/projects-BODrLvsa.js           [39m[1m[2m  1.25 kB[22m[1m[22m[2m Γöé gzip:   0.67 kB[22m
[2mdist/client/[22m[36massets/Navbar-CJWISFB1.js             [39m[1m[2m  1.50 kB[22m[1m[22m[2m Γöé gzip:   0.71 kB[22m
[2mdist/client/[22m[36massets/ProjectCard-fAp-CyEI.js        [39m[1m[2m  3.28 kB[22m[1m[22m[2m Γöé gzip:   1.32 kB[22m
[2mdist/client/[22m[36massets/index-CbWxN9KY.js              [39m[1m[2m 21.16 kB[22m[1m[22m[2m Γöé gzip:   6.74 kB[22m
[2mdist/client/[22m[36massets/project._slug-B1LJqp1Z.js      [39m[1m[2m 35.41 kB[22m[1m[22m[2m Γöé gzip:  10.72 kB[22m
[2mdist/client/[22m[36massets/index-Gt-O3f3b.js              [39m[1m[2m397.49 kB[22m[1m[22m[2m Γöé gzip: 125.49 kB[22m
[32mΓ£ô built in 4.42s[39m
[36mvite v7.3.3 [32mbuilding ssr environment for production...[36m[39m
transforming...
[32mΓ£ô[39m 1989 modules transformed.
rendering chunks...
[2mdist/server/[22m[32mwrangler.json                                          [39m[1m[2m  1.29 kB[22m[1m[22m
[2mdist/server/[22m[32m.vite/manifest.json                                    [39m[1m[2m  5.23 kB[22m[1m[22m
[2mdist/server/[22m[32massets/logo-tbs-Thzoy44i.png                           [39m[1m[2m 27.96 kB[22m[1m[22m
[2mdist/server/[22m[32massets/logo-vithopia-B5Ou90kY.jpeg                     [39m[1m[2m 40.57 kB[22m[1m[22m
[2mdist/server/[22m[32massets/logo-expertkaro-C4QtEN7U.jpg                    [39m[1m[2m 42.90 kB[22m[1m[22m
[2mdist/server/[22m[32massets/logo-zeber-Cpentt8r.png                         [39m[1m[2m 66.77 kB[22m[1m[22m
[2mdist/server/[22m[32massets/logo-accessway-Bc0sU8Vl.png                     [39m[1m[2m 98.20 kB[22m[1m[22m
[2mdist/server/[22m[32massets/logo-codespirit-G5s6RQi4.png                    [39m[1m[2m113.35 kB[22m[1m[22m
[2mdist/server/[22m[32massets/logo-microkahani-_kSwb2xS.png                   [39m[1m[2m244.53 kB[22m[1m[22m
[2mdist/server/[22m[32massets/shivam-Cvl_uAfG.png                             [39m[1m[2m870.73 kB[22m[1m[22m
[2mdist/server/[22m[35massets/styles-WMUy5lJc.css                             [39m[1m[2m 92.50 kB[22m[1m[22m
[2mdist/server/[22m[36mindex.js                                               [39m[1m[2m  0.10 kB[22m[1m[22m
[2mdist/server/[22m[36massets/__23tanstack-start-plugin-adapters-Cwee5PKy.js  [39m[1m[2m  0.14 kB[22m[1m[22m
[2mdist/server/[22m[36massets/arrow-left-CcjEB2Gw.js                          [39m[1m[2m  0.27 kB[22m[1m[22m
[2mdist/server/[22m[36massets/arrow-up-right-CnULkvIO.js                      [39m[1m[2m  0.28 kB[22m[1m[22m
[2mdist/server/[22m[36massets/_tanstack-start-manifest_v-Cd12T-Ld.js          [39m[1m[2m  1.15 kB[22m[1m[22m
[2mdist/server/[22m[36massets/start-Bu9_GS1U.js                               [39m[1m[2m  1.50 kB[22m[1m[22m
[2mdist/server/[22m[36massets/projects-Di9ViVfu.js                            [39m[1m[2m  2.13 kB[22m[1m[22m
[2mdist/server/[22m[36massets/Navbar-Bnp8caOi.js                              [39m[1m[2m  2.19 kB[22m[1m[22m
[2mdist/server/[22m[36massets/ProjectCard-HI24fF9l.js                         [39m[1m[2m  5.31 kB[22m[1m[22m
[2mdist/server/[22m[36massets/worker-entry-Do_urUg0.js                        [39m[1m[2m 21.31 kB[22m[1m[22m
[2mdist/server/[22m[36massets/index-VbTv6Utu.js                               [39m[1m[2m 32.71 kB[22m[1m[22m
[2mdist/server/[22m[36massets/project._slug-D0j9LMmf.js                       [39m[1m[2m112.48 kB[22m[1m[22m
[2mdist/server/[22m[36massets/router-BpV4h9NP.js                              [39m[1m[2m239.97 kB[22m[1m[22m
[2mdist/server/[22m[36massets/server-BL-ymKR4.js                              [39m[1m[33m735.18 kB[39m[22m
[32mΓ£ô built in 5.83s[39m
